PACK_BUILD_A_RC=0
PACK_DMG_ROUTE_A=hdiutil_fallback
PACK_ICON_A_APPICON=1
PACK_ICON_A_MENUBAR=1
PACK_ICON_A_MENUBAR_V2_COUNT=0
PACK_DMG_APP_COUNT=1
PACK_BUILD_B_RC=0
PACK_DMG_ROUTE_B=hdiutil_fallback
PACK_ICON_B_APPICON=1
PACK_ICON_B_MENUBAR=1
PACK_ICON_B_MENUBAR_V2_COUNT=0
PACK_DMG_APP_COUNT=1
PACK_BIN_MD5_A=a42bfb65a1c74ca723a70e4eeac648b4
PACK_BIN_MD5_B=a42bfb65a1c74ca723a70e4eeac648b4
PACK_PLIST_MD5_A=23bfbbf43ed66f23f0cc5db1b82e5426
PACK_PLIST_MD5_B=23bfbbf43ed66f23f0cc5db1b82e5426
PACK_MOUNT_BIN_MD5_A=a42bfb65a1c74ca723a70e4eeac648b4
PACK_MOUNT_BIN_MD5_B=a42bfb65a1c74ca723a70e4eeac648b4
PACK_REPEAT_CONSISTENT=1
PACK_DMG_MD5_NOTE=anchor_app_not_dmg reason=udif_container_nondeterministic
PACK_SIGNATURE=adhoc
PACK_TEAMIDENTIFIER=not_set
PACK_SPCTL_RC=3
PACK_HDIUTIL_VERIFY=ok
PACK_MOUNT_BINARY_MD5_MATCH=1
PACK_PKG_COUNT=0
PACK_APP_SANDBOX_ENTITLEMENTS=0
PACK_NO_APPSTORE_ARTIFACTS=1
PACK_FAILED=none
