SYS01_PROBE_TARGET=build/Pic.app signature=1
SYS01_BASELINE_PREFS=<absent>
SYS01_BASELINE_BTM=0
SYS01_BASELINE_BTM_AVAILABLE=0
SYS01_BASELINE_PLIST=absent
SYS01_BASELINE_LAUNCHCTL_RC=113
SYS01_ENABLE_WRITE_RC=0
SYS01_APP_EMITTED_LINES=15
SYS01_SMAPP_STATUS=enabled
SYS01_ROUTE=smappservice
SYS01_BTM_AFTER=0
SYS01_BTM_AFTER_AVAILABLE=0
SYS01_PLIST_AFTER=absent
SYS01_LAUNCHCTL_RC=113
SYS01_ACTIVE_ROUTE=smappservice
SYS01_CLEANUP_BTM=0
SYS01_CLEANUP_BTM_AVAILABLE=0
SYS01_CLEANUP_PLIST=matches_baseline
SYS01_PREFS_RESTORED=1
SYS01_REBOOT_CONFIRMED=pending_human
SYS01_NOTE=mechanism_verdict_on_build_app; persistence_requires_dmg_install_and_reboot
SYS01_PROBE_RC=0
