DISPLAY_START_SYNC_DELIVERED=1 displayAsleep=0 systemSleeping=0
DISPLAY_SIGNALS_REGISTERED=1 sleep=NSWorkspaceWillSleepNotification wake=NSWorkspaceDidWakeNotification reconfig=1
MAIN_DISPLAY_ID=1
CGDisplay_IS_ASLEEP=0
DISPLAY_SIGNALS displayAsleep=0 systemSleeping=0
SESSION_LOCKED=0 loginwindow_pid=489 session_keys=11
POWER_SOURCE=AC Power
POWER_SLEEP_DISABLED=0
POWER_DISPLAYSLEEP_MINUTES=5
POWER_PREVENT_SYSTEM_SLEEP=1
POWER_PREVENT_DISPLAY_SLEEP=0
DISPLAY_RECONFIG_WINDOW_SECONDS=4
DISPLAY_RECONFIG_CALLBACKS_FIRED=0
DISPLAY_SLEEP_TRANSITION=unobservable reason=session_unlocked CGSSessionScreenIsLocked=0 loginwindow_pid=489
SYSTEM_SLEEP_TRANSITION=unobservable reason=session_unlocked CGSSessionScreenIsLocked=0 loginwindow_pid=489
DISPLAY_DELIVERY_COUNT=1
DISPLAY_STOP_UNREGISTERED=1
PROBE_DRIVER_RC=0
DISPLAY_RECONFIG_FIRED_LINE_COUNT=1
DISPLAY_LOG_LINES=18
