FULLSCREEN_SIGNALS_REGISTERED=1 space=NSWorkspaceActiveSpaceDidChangeNotification activate=NSWorkspaceDidActivateApplicationNotification deactivate=NSWorkspaceDidDeactivateApplicationNotification
SCREEN_FRAME=0.0,0.0,1470.0,956.0
VISIBLE_FRAME=0.0,90.0,1470.0,833.0
INSET=14,9,14,9 source=evidence/inset.log
COVERAGE=0.014
COVERING=0
NON_GEOMETRIC=0
WINDOW pid=1227 owner=Ghostty layer=0 alpha=1.00 bounds=-822.0,45.0,834.0,646.0
WINDOW pid=1228 owner=CC Switch layer=0 alpha=1.00 bounds=-910.0,944.0,938.0,616.0
WINDOW pid=34818 owner=微信 layer=0 alpha=1.00 bounds=-813.0,240.0,825.0,640.0
WINDOW pid=45366 owner=Microsoft Edge layer=0 alpha=1.00 bounds=0.0,944.0,1470.0,833.0
WINDOW pid=80231 owner=Pic layer=0 alpha=1.00 bounds=509.0,944.0,452.0,150.0
WINDOW_COUNT=5 layer0_alpha_gt_0
WINDOW_DICT_KEY=kCGWindowAlpha
WINDOW_DICT_KEY=kCGWindowBounds
WINDOW_DICT_KEY=kCGWindowIsOnscreen
WINDOW_DICT_KEY=kCGWindowLayer
WINDOW_DICT_KEY=kCGWindowMemoryUsage
WINDOW_DICT_KEY=kCGWindowName
WINDOW_DICT_KEY=kCGWindowNumber
WINDOW_DICT_KEY=kCGWindowOwnerName
WINDOW_DICT_KEY=kCGWindowOwnerPID
WINDOW_DICT_KEY=kCGWindowSharingState
WINDOW_DICT_KEY=kCGWindowStoreType
STYLEMASK_UNAVAILABLE=1 reason=not_a_key_in_CGWindowList_dictionary
FULLSCREEN_VERDICT=0 reason=not_covering coverage=0.014 non_geometric=0
FULLSCREEN_TRANSITION=unobservable reason=session_locked CGSSessionScreenIsLocked=0
FULLSCREEN_OBSERVERS_REMOVED=1
PROBE_DRIVER_RC=0
WINDOW_DICT_KEY_COUNT=11
WINDOW_DICT_STYLE_KEY_COUNT=0
FULLSCREEN_LOG_LINES=29
