# 现象：FullscreenDetector 在本机会间歇性把 .fullscreen 置位，导致壁纸被误暂停。
# 采集：直接跑产品二进制 12 秒 × 5 轮，读每轮的首条 PIC_HOLD 与 TICK 状态分布。
# 采集时间：2026-10-03T03:43:26Z
# 背景：Phase 1 已记 FALSE_POSITIVE_OBSERVED=1（Ghostty coverage=1.000）；
#       03-02 的合取判定 verdict = nonGeometricActive && covering。
#       Ghostty 恒覆盖 → covering 恒真；前台应用一变 nonGeometricActive 即真 → 误判。
##
RUN=1 FIRST_HOLDS=holds=(none) LAST_HOLDS=holds=(none) PAUSED_TICKS=0 PLAYING_TICKS=5
RUN=2 FIRST_HOLDS=holds=(none) LAST_HOLDS=holds=(none) PAUSED_TICKS=0 PLAYING_TICKS=5
RUN=3 FIRST_HOLDS=holds=(none) LAST_HOLDS=holds=(none) PAUSED_TICKS=0 PLAYING_TICKS=5
RUN=4 FIRST_HOLDS=holds=(none) LAST_HOLDS=holds=(none) PAUSED_TICKS=0 PLAYING_TICKS=5
RUN=5 FIRST_HOLDS=holds=(none) LAST_HOLDS=holds=(none) PAUSED_TICKS=0 PLAYING_TICKS=5
# 单次插桩观测（早于上面 5 轮，2026-10-03T03:40Z 前后）：
#   在 HoldArbiter.set() 的 target?.arbiterApply 之前临时插一行 DBG_SET，
#   12 秒窗口内 3 轮的结果为：
#     轮 1: DBG_SET after=fullscreen before=   -> 同一轮 PIC_HOLD 由 holds=(none) 变为 holds=(fullscreen)
#           该轮 TICK: playing 4 / paused 1
#     轮 2: 无 DBG_SET          该轮 TICK: playing 5 / paused 0
#     轮 3: 无 DBG_SET          该轮 TICK: playing 5 / paused 0
#   插桩已移除（HoldArbiter.swift 与备份逐字节一致，swift build 通过）。
#   => 命中频率：3 轮中 1 轮；随后 5 轮复跑均未复现（PAUSED_TICKS 全 0）。
#   => 如实结论：**间歇性**，本会话无法给出稳定的复现率。**未**为了让它非 0 去制造应用切换事件。
#   => 该现象属 03-02 的判定口径（verdict = nonGeometricActive && covering）与本机
#      「Ghostty 恒覆盖」现实共同导致，不是 03-05 装配引入的回归：
#      装配前 FullscreenDetector 从未 start 过，误判在产品里结构上不可达。
