RUN_UNTIL=2026-10-02T19:43:48Z
DRIVER=scenarios.sh THRESHOLD=0.950 DENOMINATOR=visibleFrame AGGREGATION=per_pid
COMPILE_CMD=swiftc -parse-as-library -target arm64-apple-macosx15.0
COMPILE=ok binary=out/fullscreenprobe
SELFTEST_BLOCK_BEGIN
SCREEN frame=0.0,0.0,1470.0,956.0 visible=0.0,90.0,1470.0,833.0 scale=2.0
LOCK=1 source=CGSessionCopyCurrentDictionary.CGSSessionScreenIsLocked
THRESHOLD=0.950
SELFTEST_DENOMINATOR=visibleFrame
SELFTEST_RECT whole bounds=0.0,33.0,1470.0,833.0
SELFTEST=whole coverage=1.000 per_window_best=1.000
SELFTEST_RECT chrome bounds=0.0,33.0,1470.0,124.0
SELFTEST_RECT chrome bounds=0.0,121.0,1470.0,835.0
SELFTEST=chrome coverage=1.000 per_window_best=0.894
SELFTEST_RECT split bounds=0.0,33.0,1470.0,500.0
SELFTEST_RECT split bounds=0.0,533.0,1470.0,400.0
SELFTEST=split coverage=1.000 per_window_best=0.600
SELFTEST_SPLIT_EXPECT_PER_WINDOW_BEST=0.600 actual=0.600
SELFTEST_FAILURES=0
SELFTEST_BLOCK_END
SELFTEST_VERDICT=pass whole=1.000 chrome=1.000 split=1.000 split_per_window_best=0.600 chrome_per_window_best=0.894
SELFTEST_PROOF=per_pid_aggregation_is_load_bearing evidence=split两块各0.600/0.400合起来1.000；若退化为逐窗口取最大，split会输出0.600
S0_BEGIN scenario=live-regression intent=false_positive_regression
SCREEN frame=0.0,0.0,1470.0,956.0 visible=0.0,90.0,1470.0,833.0 scale=2.0
LOCK=1 source=CGSessionCopyCurrentDictionary.CGSSessionScreenIsLocked
THRESHOLD=0.950
DENOMINATOR=visibleFrame visible_area=1224510.0
WIN pid=1227 owner=Ghostty layer=0 alpha=1.00 bounds=0.0,33.0,1470.0,833.0 flipped_y=90.000 flipped_in_visible_y=1
WIN pid=1228 owner=CC Switch layer=0 alpha=1.00 bounds=0.0,33.0,1470.0,833.0 flipped_y=90.000 flipped_in_visible_y=1
COORD=confirmed COORD_MATCHED_WINDOWS=2 COORD_WINDOWS=2
TOP_PID=1227 coverage=1.000 rects=1
COVERAGE_PER_WINDOW_BEST=1.000 method=per_pid_aggregate_naive_alt=per_window_max
SCENARIO=live-regression source=live coverage=1.000 fullscreen=true pid=1227 rects=1
S0_LAYER0_WINDOWS=2
S0_COVERAGE=1.000 top_pid=1227
FALSE_POSITIVE_OBSERVED=1 direction=safe_area_filled_but_not_fullscreen_scored_fullscreen pid=1227 coverage=1.000
FALSE_POSITIVE_NOTE=该窗口 bounds 高 833，小于屏幕 frame 高 956，够不到刘海区域，因此不可能是真全屏；但它把 visibleFrame 铺满 → coverage=1.000 ≥ 阈值 0.95 → 判成 fullscreen=true。这就是 PITFALLS Pitfall 2(b) 的假阳性，方向=误暂停（用户看到壁纸坏了）。
S1_BEGIN scenario=notch-fullscreen intent=self_spawned_fullscreen_window
S1_WAIT_TICKS=1
S1_SPAWN_PID=87647
S1_WARN_STDERR=WARN=fullscreen_for_5s
S1_TOP_PID=87647 coverage=0.886 rects=1
S1_WINDOW_BOUNDS=73.0,47.0,1324.0,862.0
S1_RAW_INSPECT=out/probe03-inspect-s1.txt reason_not_inlined=该文件的原始判定行标的是实测口径，若整段贴进本日志会多出一条 live 计数并破坏 SCENARIO_COUNT 自洽；判定结果已由下面两行如实转述。
S1_FINAL_FULLSCREEN=0
S1_MAX_OBSERVED_FULLSCREEN=0
FULLSCREEN_CONFIRMED=0 scenario=notch-fullscreen coverage=0.886 threshold=0.950
SCENARIO=notch-fullscreen source=blocked coverage=0.886 fullscreen=false pid=87647 rects=1
BLOCKED_REASON=toggleFullScreen_had_no_effect_while_session_locked max_observed_fullscreen=0 final_fullscreen=0 window_bounds=73.0,47.0,1324.0,862.0 window_never_reached_screen_frame coverage_below_threshold=0.886 LOCK=1
BLOCKED_DETAIL=自建窗口确实被 CGWindowList 枚举到（rects=1，layer=0 alpha=1 is_onscreen=1），但 toggleFullScreen(nil) 在锁屏会话下没有生效（MAX_OBSERVED_FULLSCREEN=0），窗口从未进入全屏 Space。所以 coverage=0.886 量的是一扇非全屏窗，对「全屏检测是否有效」零信息量 —— 故记 blocked，不记 live。
BLOCKED_WHY_NOT_LOCK_THE_SCREEN=制造 unlocked→locked / locked→unlocked 边沿需要真人操作屏幕，用户 asleep，硬性禁止。
S2_BEGIN scenario=chrome-like intent=chrome_same_pid_two_windows
SCREEN frame=0.0,0.0,1470.0,956.0 visible=0.0,90.0,1470.0,833.0 scale=2.0
LOCK=1 source=CGSessionCopyCurrentDictionary.CGSSessionScreenIsLocked
REPLAY_RECT pid=9001 bounds=0.0,33.0,1470.0,124.0
REPLAY_RECT pid=9001 bounds=0.0,121.0,1470.0,835.0
TARGET=1470.0x956.0
TOP_PID=9001 coverage=1.000 rects=2
COVERAGE_PER_WINDOW_BEST=0.894 method=per_pid_aggregate_naive_alt=per_window_max
SCENARIO=chrome-like source=synthetic coverage=1.000 fullscreen=true pid=9001 rects=2
PRIOR=0.87343 method=naive_single_rect_over_display_bounds formula=1470x835_div_1470x956 source=miragewallpaper-73 target_for_this_plan=no
PRIOR=0.96548 method=single_rect_over_display_bounds formula=1470x923_div_1470x956 source=miragewallpaper-73 this_plan_denominator=visibleFrame maps_to=1.000
PRIOR_NOTE=两个先验都用屏幕 bounds 当分母且都是逐窗口口径；本计划分母是 visibleFrame 且按 pid 聚合，两者不可直接比较。谁也不许为了对上它们改实现或改阈值。
S2_PER_WINDOW_BEST=0.894 rejected_naive_method=per_window_max
BLOCKED_REASON=no_google_chrome_installed_scenarios=synthetic probe_path=/Applications/Google_Chrome.app
S3_BEGIN scenario=ultrawind intent=ultrawide_display
SCREEN frame=0.0,0.0,1470.0,956.0 visible=0.0,90.0,1470.0,833.0 scale=2.0
LOCK=1 source=CGSessionCopyCurrentDictionary.CGSSessionScreenIsLocked
REPLAY_RECT pid=9002 bounds=0.0,0.0,3440.0,1440.0
TARGET=3440.0x1440.0
TOP_PID=9002 coverage=1.000 rects=1
COVERAGE_PER_WINDOW_BEST=1.000 method=per_pid_aggregate_naive_alt=per_window_max
SCENARIO=ultrawind source=synthetic coverage=1.000 fullscreen=true pid=9002 rects=1
BLOCKED_REASON=no_ultrawide_display_attached_screens_count=1
S4_BEGIN scenario=notch-partial intent=near_fullscreen_must_not_trip
SCREEN frame=0.0,0.0,1470.0,956.0 visible=0.0,90.0,1470.0,833.0 scale=2.0
LOCK=1 source=CGSessionCopyCurrentDictionary.CGSSessionScreenIsLocked
REPLAY_RECT pid=9003 bounds=0.0,33.0,1470.0,700.0
TARGET=1470.0x956.0
TOP_PID=9003 coverage=0.840 rects=1
COVERAGE_PER_WINDOW_BEST=0.840 method=per_pid_aggregate_naive_alt=per_window_max
SCENARIO=notch-partial source=synthetic coverage=0.840 fullscreen=false pid=9003 rects=1
NEAR_FULLSCREEN_GUARD=pass coverage=0.840 fullscreen=false meaning=差一点满屏不会误暂停
PRIOR_DECOUPLING=pass evidence=recomputing_S2_S3_S4_without_PRIOR_lines_yields_byte_identical_scenario_lines
SCENARIO_COUNT=5
LIVE_COUNT=1
SYNTHETIC_COUNT=3
BLOCKED_COUNT=1
FALSE_POSITIVE_COUNT=1
SCENARIO_MATRIX=s0=live s1=blocked s2=synthetic s3=synthetic s4=synthetic
DRIVER_STATUS=ok
