GATE=01
ORDER=ok
ORDER_REASON=none
ORDER_AFTER=ok
SELF_LEVEL=-2147483623
ICON_LEVEL=-2147483603
SELF_LEVEL_AFTER=-2147483623
ICON_LEVEL_AFTER=-2147483603
WINDOW_LEVEL_REPORTED=-2147483623
KILLALL_RC=0
SPIKE_ALIVE=1
SCREENSHOT=ok bytes=1142104
SCREENSHOT_BYTES=1142104
SCREENSHOT_EVIDENT=1
SCREENSHOT_MD5=7efbe61fbbe753ea52c75361e6c2c460
SCREENSHOT_CONTROL_MD5=a593fe8e2c0c2abb06976db79eff40e3
FINDER_RESTART_ALIVE=1
FRAME_ADVANCED=1
FRAME_FIRST=1
FRAME_LAST=260
FRAME_DRIVER=displaylink
D08_ROUTE_D_HARDCODED_LEVEL=-2147483623
D08_ROUTE_C_BINARY=wallpaperspike
D08_ROUTE_C_FRAMEWORK_TOTAL=7
D08_ROUTE_C_PRIVATE_FRAMEWORK_COUNT=0
D08_ROUTE_C_CGSSESSION_LINKED=0
D08_ROUTE_C_FRAMEWORK_PATHS=/System/Library/Frameworks/AVFoundation.framework/Versions/A/AVFoundation /System/Library/Frameworks/AVKit.framework/Versions/A/AVKit /System/Library/Frameworks/AppKit.framework/Versions/C/AppKit /System/Library/Frameworks/CoreFoundation.framework/Versions/A/CoreFoundation /System/Library/Frameworks/CoreGraphics.framework/Versions/A/CoreGraphics /System/Library/Frameworks/Foundation.framework/Versions/C/Foundation /System/Library/Frameworks/QuartzCore.framework/Versions/A/QuartzCore
