RUN_MODE=app_bundle
RUN_LAUNCHER=direct_exec_of_Contents/MacOS/Pic（不用 open：open 起的进程不受脚本控制）
SELF_PID=87729
ORDER=ok
ORDER_SOURCE=spike_windowprobe
ORDER_AFTER=ok
KILLALL_RC=0
ALIVE_AFTER_FINDER_RESTART=1
SELF_LEVEL=-2147483623
SELF_LEVEL_AFTER=-2147483623
ICON_LEVEL=-2147483603
FOREIGN_SAME_LEVEL=1
FOREIGN_OWNERS=Pic
FOREIGN_DESKTOP_FAMILY=8
PID_CLAIM_REQUIRED=1
APP_ACTIVATION_POLICY=1
APP_POLICY_SOURCE_KEY=ACTIVATION_POLICY_RAW（进程内 emit，AppDelegate.applicationDidFinishLaunching）
D05_EXPECTATION=accessory 的 rawValue 是 1；0 是 .regular，那才是有 Dock 图标的那个
LSUILEMENT=true
PLIST_USAGE_DESCRIPTION_COUNT=0
IDENTIFIER=com.local.pic
SIGNATURE=adhoc
TEAM_ID=not set
AUTHORITY_DEV_ID=0
DMG_MD5=e391cb5f7b9e102539f33731ff788be9
DMG_REPRODUCIBLE=0
DMG_REPRODUCIBLE_NOTE=多次独立 build.sh 的 DMG md5 互不相同（实测样例 9b4c7e31… / 1e685a43… / 166e336a… / e391cb5f…，以及本行上方 DMG_MD5 的每一次）；
DMG_REPRODUCIBLE_NOTE_2=但两个 DMG 内的 Pic.app 逐字节相同（MacOS 二进制 md5=662e632168d66ff79f7892e932b695fa、
DMG_REPRODUCIBLE_NOTE_3=Info.plist md5=f85a5701cdcd2be959c437c92976393d），差异在 UDIF 容器层。
DMG_REPRODUCIBLE_NOTE_4=把源树 mtime 全部 pin 成同一时刻后，相隔 2 秒的两次 hdiutil create 仍产出不同 md5
DMG_REPRODUCIBLE_NOTE_5=（9e20b8a9… vs 936dab1c…），故 mtime 不是唯一变量；hdiutil 无可复现开关。
PROBE_RC product=0 spike=0
