GATE=01
ORDER=ok
ORDER_REASON=none
ORDER_AFTER=ok
SELF_LEVEL=-2147483623
ICON_LEVEL=-2147483603
SELF_LEVEL_AFTER=-2147483623
ICON_LEVEL_AFTER=-2147483603
WINDOW_LEVEL_REPORTED=-2147483623
KILLALL_RC=0
SPIKE_ALIVE=1
SCREENSHOT=blocked reason=png_identical_to_control_capture
SCREENSHOT_BYTES=106973
SCREENSHOT_EVIDENT=0
SCREENSHOT_MD5=aa30b1bd89445ed437c1d362c18156b4
SCREENSHOT_CONTROL_MD5=aa30b1bd89445ed437c1d362c18156b4
FINDER_RESTART_ALIVE=1
FRAME_ADVANCED=1
FRAME_FIRST=1
FRAME_LAST=225
FRAME_DRIVER=timer_fallback_hz30
D08_ROUTE_D_HARDCODED_LEVEL=-2147483623
D08_ROUTE_C_BINARY=wallpaperspike
D08_ROUTE_C_FRAMEWORK_TOTAL=5
D08_ROUTE_C_PRIVATE_FRAMEWORK_COUNT=0
D08_ROUTE_C_CGSSESSION_LINKED=0
D08_ROUTE_C_FRAMEWORK_PATHS=/System/Library/Frameworks/AppKit.framework/Versions/C/AppKit /System/Library/Frameworks/CoreFoundation.framework/Versions/A/CoreFoundation /System/Library/Frameworks/CoreGraphics.framework/Versions/A/CoreGraphics /System/Library/Frameworks/Foundation.framework/Versions/C/Foundation /System/Library/Frameworks/QuartzCore.framework/Versions/A/QuartzCore
