ACTIVATION_POLICY_RAW=1
PIC_HOLD_OBSERVER_TICKS=1
PIC_HOLD active=0 reason=(none) holds=(none) resumeAt=0.000
PIC_HOLD_SUMMARY summary=(none) reasons=0
PIC_QUIT_AFTER_SCHEDULED seconds=10.0
PIC_ROT_MODE=loopSingle
PIC_LIBRARY_STATE=no_playable_videos
PIC_ROT_STOP=1
PIC_NO_SOURCE reason=no_mp4_in_folder
PIC_SETTINGS_BOOT rate=1.5 volume=0.5 muted=1 playMode=loopSingle rotationInterval=300 pauseOnBattery=0
REFRESH_DRIVER=display_link
PIC_SETTINGS_WINDOW width=780 minWidth=680
TICK seq=1 pos=nan status=paused items=0
TICK seq=2 pos=nan status=paused items=0
TICK seq=3 pos=nan status=paused items=0
TICK seq=4 pos=nan status=paused items=0
TICK seq=5 pos=nan status=paused items=0
REFRESH_TICK_COUNT=313
REFRESH_WINDOW_SECONDS=10.0
REFRESH_TICK_RATE=31.3
REFRESH_DRIVER_FINAL=display_link
PIC_TERMINATED pid=6814 reason=application_will_terminate
PROBE_BOOT=ok
PROBE_WINDOW=ok
PROBE_MIRROR=ok
PROCESS_EXITED=clean
SETTINGS_TRACER_PROBE_OK
