ACTIVATION_POLICY_RAW=1
PIC_SETTINGS_APPLY key=pauseOnBattery value=0 applied=1 onBattery=0
PIC_HOLD_OBSERVER_TICKS=1
PIC_HOLD active=1 reason=screenLocked holds=(screenLocked,displayAsleep)
PIC_HOLD_SUMMARY summary=锁屏,显示器熄屏 reasons=2
PIC_QUIT_AFTER_SCHEDULED seconds=6.0
PIC_ROT_MODE=loopSingle
PIC_LIBRARY_STATE=no_playable_videos
PIC_ROT_STOP=1
PIC_NO_SOURCE reason=no_mp4_in_folder
PIC_SETTINGS_BOOT rate=1.0 volume=1.0 muted=0 playMode=loopSingle rotationInterval=300 pauseOnBattery=0
PIC_FFMPEG available=1 label=可用
PIC_SETTINGS_WINDOW width=780 minWidth=680
REFRESH_DRIVER=timer_fallback_hz30
TICK seq=1 pos=nan status=paused items=0
TICK seq=2 pos=nan status=paused items=0
TICK seq=3 pos=nan status=paused items=0
PIC_TERMINATED pid=8014 reason=application_will_terminate
ACTIVATION_POLICY_RAW=1
PIC_SETTINGS_APPLY key=pauseOnBattery value=0 applied=1 onBattery=0
PIC_HOLD_OBSERVER_TICKS=1
PIC_HOLD active=1 reason=screenLocked holds=(screenLocked,displayAsleep)
PIC_HOLD_SUMMARY summary=锁屏,显示器熄屏 reasons=2
PIC_QUIT_AFTER_SCHEDULED seconds=6.0
PIC_ROT_MODE=loopSingle
PIC_LIBRARY_STATE=no_playable_videos
PIC_ROT_STOP=1
PIC_NO_SOURCE reason=no_mp4_in_folder
PIC_SETTINGS_BOOT rate=1.0 volume=1.0 muted=0 playMode=loopSingle rotationInterval=300 pauseOnBattery=0
PIC_FFMPEG available=1 label=可用
PIC_SETTINGS_WINDOW width=780 minWidth=680
REFRESH_DRIVER=timer_fallback_hz30
TICK seq=1 pos=nan status=paused items=0
TICK seq=2 pos=nan status=paused items=0
TICK seq=3 pos=nan status=paused items=0
PIC_TERMINATED pid=8017 reason=application_will_terminate
LIB_STATE_EMPTY=ok
WINDOW_GEOMETRY=ok
FFMPEG_SELF_CONSISTENT=ok available=1 label=可用
FFMPEG_LOCAL_BASELINE=present
FFMPEG_EMIT_LINES=2
LIB_STATE_WITH_LINKS=not_playing
LOCK_STATE_AT_PROBE=1
LIVE_LOCK_OBSERVATION=blocked reason=screen_locked
LIVE_LOCK_UNLOCK_CONDITION=解锁会话里开设置窗目视，或 05-04 用 XCUITest 注入合成锁事件复跑
STATUS_CARD_PROBE=PASS
